

done 2GO
done 8990P
done HOUSE
done BRN
done ANS
done ABS
done ABSP
done ACEPH
done ACEX
done APC
done ATN
done ATNB
done ABA
done AEV
done AP
done AR
done ACE
done ANI
done HOME
done AGI
done FOOD
done ACR
done ALHI
done APO
done APX
done APL
done ARA
done ALCO
done ALCPB
done ALCPC
done AAA
done AUB
done ABG
done ATI
done AT
done AB
done AXLM
done AC
done ACPA
done ACPB1
done APB2R
done ALI
done ALLHC
done BLFI
done BDO
done BH
done BPI
done BSC
done BEL
done BC
done BCB
done BCP
done BCOR
done BLOOM
done BMM
done BHI
done BKR
done COL
done CEB
done CHI
done CLI
done CPV
done CPVB
done CHP
done CAT
done CEU
done CNPF
done CPM
done CPG
done CPGP
done C
done CIP
done CHIB
done TECB2
done TECH
done LAND
done CDC
done CSB
done COAL
done CIC
done CA
done CAB
done COSCO
done CROWN
done CEI
done CYBR
done DNL
done DMW
done DFNN
done DITO
done DMC
Something went wrong DMCP
done DAVIN
done DELM
done DMPA1
done DMPA2
done DWC
done DIZ
done DD
done DDPR
done EEI
done EAGLE
done EW
done ECP
done EMP
done ELI
done EURO
done EVER
Something went wrong EIBA
Something went wrong EIBB
done FJP
done FJPB
done FEU
done FERRO
done FDC
done FLI
done FFI
Something went wrong FYN
Something went wrong FYNB
done FAF
done FGEN
done FGENG
done FMETF
done FPH
done FPHPC
done FPI
done FRUIT
done GEO
done GMAP
done GMA7
done GTCAP
done GTPPA
done GTPPB
done GSMI
done FNI
done GERI
done PORT
done GLO
Something went wrong GLOPA
done GLOPP
done HVN
done GPH
done GREEN
done TUGS
done HLCM
done HI
done I
done EG
done IPM
done IMP
done IMI
done ICT
done ION
done IS
done IDC
done JGS
done JAS
done JFC
done JOH
done KPH
done KPHB
done KEP
done KPPI
done LBC
done LMG
done LTG
done LR
done LRP
done LRW
done LC
done LCB
done LFM
done LIHC
done LPZ
done LSC
done MED
done MJIC
done MRC
done MHC
done MVC
done MACAY
done MAC
done MFIN
done MBC
done MB
done MER
done MJC
done MA
done MAB
done MWC
done MFC
done MARC
done MAXS
done MWIDE
done MWP
done MEG
done MAH
done MAHB
Something went wrong MGH
done MPI
done MRSGI
done MBT
done MG
done NRCP
done NXGEN
done NI
done NIKL
done NOW
done OM
done ORE
done OPM
done OPMB
done PAL
done PHR
Something went wrong PCP
done SHLPH
Something went wrong DTEL
done TEL
Something went wrong TLII
Something went wrong TLJJ
done TFC
done PXP
done LOTO
done PA
done PMPC
done PAX
done PIP
done PERC
done PCOR
done PRF2A
done PRF2B
done PRF3A
done PRF3B
done WEB
done DNA
Something went wrong PHC
done PX
done PBC
done PBB
done PHES
done IRC
done PNB
Something went wrong PNC
done PRC
done RLT
done PSB
done SEVN
Something went wrong PTT
done PTC
done PHN
done PNX
done PNX3A
done PNX3B
done PNX4
Something went wrong PNXP
done PHA
done PLC
done PRIM
Something went wrong PMT
done PRMX
done PPC
done PGOLD
done RFM
done REG
done RCB
done RLC
done RRHI
done ROCK
done ROX
done RCI
done SBS
done SSP
done PIZZA
done SM
done SMPH
done SOC
done SPC
done SSI
done STI
done SMC
done SMC2A
done SMC2B
done SMC2C
done SMC2D
done SMC2E
done SMC2F
done SMC2G
done SMC2H
done SMC2I
done SMCP1
done FB
done FBP
done FBP2
done SPM
done SECB
done SCC
done SHNG
done SGI
done SLI
Something went wrong STN
done SLF
done SUN
Something went wrong SRDC
done SFI
done SFIP
done SGP
done T
done PSE
done OV
done TFHI
done TBGI
done UNI
done UBP
done UPM
done URC
done V
done VMC
done VLL
done STR
done VITA
done VVT
done VUL
done WPI
done WIN
done WLCON
done X
done ZHI
done IPO